---
aws_access_key_id: "kgHgzioDcY0"
aws_access_secret_key: "OUrHEEfoYX2ICPJt1OOKjEDihtZtyxRHeZEXYvS+glk"
